defaultConfig:
  discoveryAddress: istiod-rev-1.istio-system.svc:15012
  proxyMetadata:
    CANONICAL_REVISION: latest
    CANONICAL_SERVICE: foo
    CLUSTER_MESH_CONFIG_VALUE: foo
    ISTIO_META_CLUSTER_ID: Kubernetes
    ISTIO_META_DNS_CAPTURE: "true"
    ISTIO_META_MESH_ID: ""
    ISTIO_META_NETWORK: ""
    ISTIO_META_WORKLOAD_NAME: foo
    ISTIO_METAJSON_LABELS: '{"service.istio.io/canonical-name":"foo","service.istio.io/canonical-revision":"latest"}'
    POD_NAMESPACE: bar
    PROXY_CONFIG_ANNOT_VALUE: bar
    SERVICE_ACCOUNT: vm-serviceaccount
    TRUST_DOMAIN: ""
  readinessProbe:
    httpGet:
      port: 8080
