iptables -t nat -N ISTIO_INBOUND
iptables -t nat -N ISTIO_REDIRECT
iptables -t nat -N ISTIO_IN_REDIRECT
iptables -t nat -N ISTIO_OUTPUT
iptables -t nat -A ISTIO_INBOUND -p tcp --dport 15008 -j RETURN
iptables -t nat -A ISTIO_REDIRECT -p tcp -j REDIRECT --to-ports 15001
iptables -t nat -A ISTIO_IN_REDIRECT -p tcp -j REDIRECT --to-ports 15006
iptables -t nat -A OUTPUT -p tcp -j ISTIO_OUTPUT
iptables -t nat -A ISTIO_OUTPUT -o lo -s 127.0.0.6/32 -j RETURN
iptables -t nat -A ISTIO_OUTPUT -o lo ! -d 127.0.0.1/32 -p tcp ! --dport 53 -m owner --uid-owner 3 -j ISTIO_IN_REDIRECT
iptables -t nat -A ISTIO_OUTPUT -m owner --uid-owner 3 -j RETURN
iptables -t nat -A ISTIO_OUTPUT -o lo ! -d 127.0.0.1/32 -p tcp ! --dport 53 -m owner --uid-owner 4 -j ISTIO_IN_REDIRECT
iptables -t nat -A ISTIO_OUTPUT -m owner --uid-owner 4 -j RETURN
iptables -t nat -A ISTIO_OUTPUT -o lo ! -d 127.0.0.1/32 -m owner --gid-owner 1 -j ISTIO_IN_REDIRECT
iptables -t nat -A ISTIO_OUTPUT -m owner --gid-owner 1 -j RETURN
iptables -t nat -A ISTIO_OUTPUT -o lo ! -d 127.0.0.1/32 -m owner --gid-owner 2 -j ISTIO_IN_REDIRECT
iptables -t nat -A ISTIO_OUTPUT -m owner --gid-owner 2 -j RETURN
iptables -t nat -A ISTIO_OUTPUT -p tcp --dport 53 -d 127.0.0.53/32 -j REDIRECT --to-ports 15053
iptables -t nat -A ISTIO_OUTPUT -d 127.0.0.1/32 -j RETURN
iptables -t nat -A ISTIO_OUTPUT -d 127.1.2.3/32 -j ISTIO_REDIRECT
iptables -t nat -A ISTIO_OUTPUT -j RETURN
iptables -t nat -A OUTPUT -p udp --dport 53 -m owner --uid-owner 3 -j RETURN
iptables -t nat -A OUTPUT -p udp --dport 53 -m owner --uid-owner 4 -j RETURN
iptables -t nat -A OUTPUT -p udp --dport 53 -m owner --gid-owner 1 -j RETURN
iptables -t nat -A OUTPUT -p udp --dport 53 -m owner --gid-owner 2 -j RETURN
iptables -t nat -A OUTPUT -p udp --dport 53 -d 127.0.0.53/32 -j REDIRECT --to-port 15053
iptables -t raw -A OUTPUT -p udp --dport 53 -m owner --uid-owner 3 -j CT --zone 1
iptables -t raw -A OUTPUT -p udp --sport 15053 -m owner --uid-owner 3 -j CT --zone 2
iptables -t raw -A OUTPUT -p udp --dport 53 -m owner --uid-owner 4 -j CT --zone 1
iptables -t raw -A OUTPUT -p udp --sport 15053 -m owner --uid-owner 4 -j CT --zone 2
iptables -t raw -A OUTPUT -p udp --dport 53 -m owner --gid-owner 1 -j CT --zone 1
iptables -t raw -A OUTPUT -p udp --sport 15053 -m owner --gid-owner 1 -j CT --zone 2
iptables -t raw -A OUTPUT -p udp --dport 53 -m owner --gid-owner 2 -j CT --zone 1
iptables -t raw -A OUTPUT -p udp --sport 15053 -m owner --gid-owner 2 -j CT --zone 2
iptables -t raw -A OUTPUT -p udp --dport 53 -d 127.0.0.53/32 -j CT --zone 2
iptables -t raw -A PREROUTING -p udp --sport 53 -d 127.0.0.53/32 -j CT --zone 1