apiVersion: networking.istio.io/v1alpha3
kind: Gateway
metadata:
  annotations:
    internal.istio.io/gateway-service: istio-ingressgateway.istio-system.svc.domain.suffix
    internal.istio.io/parent: Gateway/gateway/default.istio-system
  creationTimestamp: null
  name: gateway-istio-autogenerated-k8s-gateway-default
  namespace: istio-system
spec:
  servers:
  - hosts:
    - '*/*.domain.example'
    port:
      name: default
      number: 80
      protocol: HTTP
---
apiVersion: networking.istio.io/v1alpha3
kind: Gateway
metadata:
  annotations:
    internal.istio.io/gateway-service: fake-service.com
    internal.istio.io/parent: Gateway/invalid-service/default.istio-system
  creationTimestamp: null
  name: invalid-service-istio-autogenerated-k8s-gateway-default
  namespace: istio-system
spec:
  servers:
  - hosts:
    - istio-system/*.example
    port:
      name: default
      number: 80
      protocol: HTTP
---
apiVersion: networking.istio.io/v1alpha3
kind: Gateway
metadata:
  annotations:
    internal.istio.io/gateway-service: istio-ingressgateway.istio-system.svc.domain.suffix
    internal.istio.io/parent: Gateway/target-port-reference/default.istio-system
  creationTimestamp: null
  name: target-port-reference-istio-autogenerated-k8s-gateway-default
  namespace: istio-system
spec:
  servers:
  - hosts:
    - istio-system/*.example
    port:
      name: default
      number: 8080
      protocol: HTTP
---
apiVersion: networking.istio.io/v1alpha3
kind: Gateway
metadata:
  annotations:
    internal.istio.io/gateway-service: ""
    internal.istio.io/parent: Gateway/invalid-gateway-address/default.invalid-gateway-address
  creationTimestamp: null
  name: invalid-gateway-address-istio-autogenerated-k8s-gateway-default
  namespace: invalid-gateway-address
spec:
  servers:
  - hosts:
    - invalid-gateway-address/*.domain.example
    port:
      name: default
      number: 80
      protocol: HTTP
---
