apiVersion: networking.istio.io/v1alpha3
kind: Gateway
metadata:
  annotations:
    internal.istio.io/gateway-service: istio-ingressgateway.dubbo-system.svc.domain.suffix
    internal.istio.io/parent: Gateway/gateway/default.dubbo-system
  creationTimestamp: null
  name: gateway-istio-autogenerated-k8s-gateway-default
  namespace: dubbo-system
spec:
  servers:
  - hosts:
    - dubbo-system/*
    port:
      name: default
      number: 34000
      protocol: TCP
---
apiVersion: networking.istio.io/v1alpha3
kind: VirtualService
metadata:
  annotations:
    internal.istio.io/parent: TCPRoute/tcp.dubbo-system
    internal.istio.io/route-semantics: gateway
  creationTimestamp: null
  name: tcp-tcp-istio-autogenerated-k8s-gateway
  namespace: dubbo-system
spec:
  gateways:
  - dubbo-system/gateway-istio-autogenerated-k8s-gateway-default
  hosts:
  - '*'
  tcp:
  - route:
    - destination:
        host: echo.dubbo-system.svc.domain.suffix
        port:
          number: 80
---
