apiVersion: autoscaling/v2beta1
kind: HorizontalPodAutoscaler
metadata:
  labels:
    app: istio-ingressgateway
    install.operator.istio.io/owning-resource: unknown
    istio: ingressgateway
    istio.io/rev: default
    operator.istio.io/component: IngressGateways
    release: istio
  name: istio-ingressgateway
  namespace: istio-system
spec:
  maxReplicas: 222
  metrics:
  - object:
      averageValue: 111
      metricName: cpu
    type: Resource
  minReplicas: 1
  scaleTargetRef:
    apiVersion: apps/v1
    kind: Deployment
    name: istio-ingressgateway
---


apiVersion: autoscaling/v2beta1
kind: HorizontalPodAutoscaler
metadata:
  labels:
    app: istiod
    install.operator.istio.io/owning-resource: unknown
    istio.io/rev: default
    operator.istio.io/component: Pilot
    release: istio
  name: istiod
  namespace: istio-control
spec:
  maxReplicas: 333
  metrics:
  - resource:
      name: cpu
      targetAverageUtilization: 444
    type: Resource
  minReplicas: 1
  scaleTargetRef:
    apiVersion: apps/v1
    kind: Deployment
    name: istio-pilot
---
