apiVersion: v1
kind: ConfigMap
metadata:
  name: istio
  namespace: istio-system
  labels:
    istio.io/rev: default
    install.operator.istio.io/owning-resource: unknown
    operator.istio.io/component: "Pilot"
    release: istio
data:

  # Configuration file for the mesh networks to be used by the Split Horizon EDS.
  meshNetworks: |-
    networks: {}

  mesh: |-
    defaultConfig:
      discoveryAddress: istiod.istio-system.svc:15012
      proxyMetadata: {}
      tracing: {}
    enablePrometheusMerge: true
    rootNamespace: istio-system
    trustDomain: cluster.local
---
